// Jest Snapshot v1, https://goo.gl/fbAQLP

exports[`test-gen/test-create-cdk 1`] = `
Object {
  "children": Array [
    Object {
      "extension": "",
      "name": ".babelrc",
      "path": "test-gen/test-create-cdk/.babelrc",
      "size": 144,
      "type": "file",
    },
    Object {
      "extension": "",
      "name": ".gitignore",
      "path": "test-gen/test-create-cdk/.gitignore",
      "size": 570,
      "type": "file",
    },
    Object {
      "extension": "",
      "name": ".npmignore",
      "path": "test-gen/test-create-cdk/.npmignore",
      "size": 28,
      "type": "file",
    },
    Object {
      "children": Array [
        Object {
          "extension": ".js",
          "name": "addons.js",
          "path": "test-gen/test-create-cdk/.storybook/addons.js",
          "size": 86,
          "type": "file",
        },
        Object {
          "extension": ".js",
          "name": "config.js",
          "path": "test-gen/test-create-cdk/.storybook/config.js",
          "size": 136,
          "type": "file",
        },
      ],
      "name": ".storybook",
      "path": "test-gen/test-create-cdk/.storybook",
      "size": 222,
      "type": "directory",
    },
    Object {
      "extension": ".md",
      "name": "README.md",
      "path": "test-gen/test-create-cdk/README.md",
      "size": 80,
      "type": "file",
    },
    Object {
      "extension": ".json",
      "name": "package.json",
      "path": "test-gen/test-create-cdk/package.json",
      "size": 1066,
      "type": "file",
    },
    Object {
      "children": Array [
        Object {
          "extension": ".css",
          "name": "App.css",
          "path": "test-gen/test-create-cdk/src/App.css",
          "size": 377,
          "type": "file",
        },
        Object {
          "extension": ".js",
          "name": "Header.js",
          "path": "test-gen/test-create-cdk/src/Header.js",
          "size": 280,
          "type": "file",
        },
        Object {
          "extension": ".js",
          "name": "Header.test.js",
          "path": "test-gen/test-create-cdk/src/Header.test.js",
          "size": 235,
          "type": "file",
        },
        Object {
          "extension": ".js",
          "name": "Page.js",
          "path": "test-gen/test-create-cdk/src/Page.js",
          "size": 245,
          "type": "file",
        },
        Object {
          "extension": ".js",
          "name": "Page.test.js",
          "path": "test-gen/test-create-cdk/src/Page.test.js",
          "size": 232,
          "type": "file",
        },
        Object {
          "extension": ".svg",
          "name": "logo.svg",
          "path": "test-gen/test-create-cdk/src/logo.svg",
          "size": 2671,
          "type": "file",
        },
      ],
      "name": "src",
      "path": "test-gen/test-create-cdk/src",
      "size": 4040,
      "type": "directory",
    },
    Object {
      "extension": ".lock",
      "name": "yarn.lock",
      "path": "test-gen/test-create-cdk/yarn.lock",
      "size": 308233,
      "type": "file",
    },
  ],
  "name": "test-create-cdk",
  "path": "test-gen/test-create-cdk",
  "size": 314383,
  "type": "directory",
}
`;
